composer : No 
composer.lock file 
present. Updating 
dependencies to 
latest instead of 
installing from lock 
file. See https://getc
omposer.org/install 
for more information.
En línea: 1 Carácter: 
1
+ composer install > 
error_log.txt 2>&1
+ ~~~~~~~~~~~~~~~~~~~~
~~~~~~~~~~~~~~~~~
    + CategoryInfo    
          : NotSpeci  
  fied: (No compose   
 r.loc...re inform    
ation.:String) []    
, RemoteException
    + FullyQualifiedE 
   rrorId : NativeCo  
  mmandError
 
Loading composer 
repositories with 
package information
Updating dependencies
Your requirements 
could not be resolved 
to an installable set 
of packages.

  Problem 1
    - Root 
composer.json 
requires 
laravel/framework 
^10.10 -> satisfiable 
by laravel/framework[v
10.10.0, ..., 
v10.50.0].
    - laravel/framewor
k[v10.10.0, ..., 
v10.50.0] require 
league/flysystem 
^3.8.0 -> satisfiable 
by league/flysystem[3.
8.0, ..., 3.31.0].
    - league/flysystem
[3.3.0, ..., 3.14.0] 
require league/mime-ty
pe-detection ^1.0.0 
-> satisfiable by leag
ue/mime-type-detection
[1.0.0, ..., 1.16.0].
    - league/flysystem
[3.15.0, ..., 3.31.0] 
require league/flysyst
em-local ^3.0.0 -> 
satisfiable by league/
flysystem-local[3.15.0
, ..., 3.31.0].
    - league/flysystem
-local[3.15.0, ..., 
3.31.0] require 
ext-fileinfo * -> it 
is missing from your 
system. Install or 
enable PHP's fileinfo 
extension.
    - league/mime-type
-detection[1.4.0, 
..., 1.16.0] require 
ext-fileinfo * -> it 
is missing from your 
system. Install or 
enable PHP's fileinfo 
extension.
    - league/mime-type
-detection[1.0.0, 
..., 1.3.0] require 
php ^7.2 -> your php 
version (8.1.27) does 
not satisfy that 
requirement.

To enable extensions, 
verify that they are 
enabled in your .ini 
files:
    - 
C:\tools\php81\php.ini
You can also run `php 
--ini` in a terminal 
to see which files 
are used by PHP in 
CLI mode.
Alternatively, you 
can run Composer with 
`--ignore-platform-req
=ext-fileinfo` to 
temporarily ignore 
these required 
extensions.
